args: (-140,) => -125
args: (-139,) => -125
args: (-138,) => -125
args: (-137,) => -125
args: (-136,) => -125
args: (-135,) => -125
args: (-134,) => -125
args: (-133,) => -125
args: (-132,) => -125
args: (-131,) => -125
args: (-130,) => -125
args: (-129,) => -125
args: (-128,) => -125
args: (-127,) => -125
args: (-126,) => -125
args: (-125,) => -125
args: (-124,) => -124
args: (-123,) => -123
args: (-122,) => -122
args: (-121,) => -121
args: (-120,) => -120
args: (-119,) => -119
args: (-118,) => -118
args: (-117,) => -117
args: (-116,) => -116
args: (-115,) => -115
args: (-114,) => -114
args: (-113,) => -113
args: (-112,) => -112
args: (-111,) => -111
args: (-110,) => -110
args: (-109,) => -109
args: (-108,) => -108
args: (-107,) => -107
args: (-106,) => -106
args: (-105,) => -105
args: (-104,) => -104
args: (-103,) => -103
args: (-102,) => -102
args: (-101,) => -101
args: (-100,) => -100
args: (-99,) => -99
args: (-98,) => -98
args: (-97,) => -97
args: (-96,) => -96
args: (-95,) => -95
args: (-94,) => -94
args: (-93,) => -93
args: (-92,) => -92
args: (-91,) => -91
args: (-90,) => -90
args: (-89,) => -89
args: (-88,) => -88
args: (-87,) => -87
args: (-86,) => -86
args: (-85,) => -85
args: (-84,) => -84
args: (-83,) => -83
args: (-82,) => -82
args: (-81,) => -81
args: (-80,) => -80
args: (-79,) => -79
args: (-78,) => -78
args: (-77,) => -77
args: (-76,) => -76
args: (-75,) => -75
args: (-74,) => -74
args: (-73,) => -73
args: (-72,) => -72
args: (-71,) => -71
args: (-70,) => -70
args: (-69,) => -69
args: (-68,) => -68
args: (-67,) => -67
args: (-66,) => -66
args: (-65,) => -65
args: (-64,) => -64
args: (-63,) => -63
args: (-62,) => -62
args: (-61,) => -61
args: (-60,) => -60
args: (-59,) => -59
args: (-58,) => -58
args: (-57,) => -57
args: (-56,) => -56
args: (-55,) => -55
args: (-54,) => -54
args: (-53,) => -53
args: (-52,) => -52
args: (-51,) => -51
args: (-50,) => -50
args: (-49,) => -49
args: (-48,) => -48
args: (-47,) => -47
args: (-46,) => -46
args: (-45,) => -45
args: (-44,) => -44
args: (-43,) => -43
args: (-42,) => -42
args: (-41,) => -41
args: (-40,) => -40
args: (-39,) => -39
args: (-38,) => -38
args: (-37,) => -37
args: (-36,) => -36
args: (-35,) => -35
args: (-34,) => -34
args: (-33,) => -33
args: (-32,) => -32
args: (-31,) => -31
args: (-30,) => -30
args: (-29,) => -29
args: (-28,) => -28
args: (-27,) => -27
args: (-26,) => -26
args: (-25,) => -25
args: (-24,) => -24
args: (-23,) => -23
args: (-22,) => -22
args: (-21,) => -21
args: (-20,) => -20
args: (-19,) => -19
args: (-18,) => -18
args: (-17,) => -17
args: (-16,) => -16
args: (-15,) => -15
args: (-14,) => -14
args: (-13,) => -13
args: (-12,) => -12
args: (-11,) => -11
args: (-10,) => -10
args: (-9,) => -9
args: (-8,) => -8
args: (-7,) => -7
args: (-6,) => -6
args: (-5,) => -5
args: (-4,) => -4
args: (-3,) => -3
args: (-2,) => -2
args: (-1,) => -1
args: (0,) => 0
args: (1,) => 1
args: (2,) => 2
args: (3,) => 3
args: (4,) => 4
args: (5,) => 5
args: (6,) => 6
args: (7,) => 7
args: (8,) => 8
args: (9,) => 9
args: (10,) => 10
args: (11,) => 11
args: (12,) => 12
args: (13,) => 13
args: (14,) => 14
args: (15,) => 15
args: (16,) => 16
args: (17,) => 17
args: (18,) => 18
args: (19,) => 19
args: (20,) => 20
args: (21,) => 21
args: (22,) => 22
args: (23,) => 23
args: (24,) => 24
args: (25,) => 25
args: (26,) => 26
args: (27,) => 27
args: (28,) => 28
args: (29,) => 29
args: (30,) => 30
args: (31,) => 31
args: (32,) => 32
args: (33,) => 33
args: (34,) => 34
args: (35,) => 35
args: (36,) => 36
args: (37,) => 37
args: (38,) => 38
args: (39,) => 39
args: (40,) => 40
args: (41,) => 41
args: (42,) => 42
args: (43,) => 43
args: (44,) => 44
args: (45,) => 45
args: (46,) => 46
args: (47,) => 47
args: (48,) => 48
args: (49,) => 49
args: (50,) => 50
args: (51,) => 51
args: (52,) => 52
args: (53,) => 53
args: (54,) => 54
args: (55,) => 55
args: (56,) => 56
args: (57,) => 57
args: (58,) => 58
args: (59,) => 59
args: (60,) => 60
args: (61,) => 61
args: (62,) => 62
args: (63,) => 63
args: (64,) => 64
args: (65,) => 65
args: (66,) => 66
args: (67,) => 67
args: (68,) => 68
args: (69,) => 69
args: (70,) => 70
args: (71,) => 71
args: (72,) => 72
args: (73,) => 73
args: (74,) => 74
args: (75,) => 75
args: (76,) => 76
args: (77,) => 77
args: (78,) => 78
args: (79,) => 79
args: (80,) => 80
args: (81,) => 81
args: (82,) => 82
args: (83,) => 83
args: (84,) => 84
args: (85,) => 85
args: (86,) => 86
args: (87,) => 87
args: (88,) => 88
args: (89,) => 89
args: (90,) => 90
args: (91,) => 91
args: (92,) => 92
args: (93,) => 93
args: (94,) => 94
args: (95,) => 95
args: (96,) => 96
args: (97,) => 97
args: (98,) => 98
args: (99,) => 99
args: (100,) => 100
args: (101,) => 101
args: (102,) => 102
args: (103,) => 103
args: (104,) => 104
args: (105,) => 105
args: (106,) => 106
args: (107,) => 107
args: (108,) => 108
args: (109,) => 109
args: (110,) => 110
args: (111,) => 111
args: (112,) => 112
args: (113,) => 113
args: (114,) => 114
args: (115,) => 115
args: (116,) => 116
args: (117,) => 117
args: (118,) => 118
args: (119,) => 119
args: (120,) => 120
args: (121,) => 121
args: (122,) => 122
args: (123,) => 123
args: (124,) => 124
args: (125,) => 125
args: (126,) => 125
args: (127,) => 125
args: (128,) => 125
args: (129,) => 125
args: (130,) => 125
args: (131,) => 125
args: (132,) => 125
args: (133,) => 125
args: (134,) => 125
args: (135,) => 125
args: (136,) => 125
args: (137,) => 125
args: (138,) => 125
args: (139,) => 125
args: (140,) => 125
